WARNING: A terminally deprecated method in sun.misc.Unsafe has been called
WARNING: sun.misc.Unsafe::objectFieldOffset has been called by com.google.common.util.concurrent.AbstractFuture$UnsafeAtomicHelper (file:/usr/share/maven/lib/guava.jar)
WARNING: Please consider reporting this to the maintainers of class com.google.common.util.concurrent.AbstractFuture$UnsafeAtomicHelper
WARNING: sun.misc.Unsafe::objectFieldOffset will be removed in a future release
[[1;34mINFO[m] Scanning for projects...
[[1;34mINFO[m] 
[[1;34mINFO[m] [1m------------------< [0;36mcom.example:springboot-mvc-demo[0;1m >-------------------[m
[[1;34mINFO[m] [1mBuilding Spring Boot MVC Demo 0.0.1-SNAPSHOT[m
[[1;34mINFO[m] [1m--------------------------------[ jar ]---------------------------------[m
[[1;34mINFO[m] 
[[1;34mINFO[m] [1m--- [0;32mjacoco-maven-plugin:0.8.14:prepare-agent[m [1m(default)[m @ [36mspringboot-mvc-demo[0;1m ---[m
[[1;34mINFO[m] argLine set to -javaagent:/home/jcollin/.m2/repository/org/jacoco/org.jacoco.agent/0.8.14/org.jacoco.agent-0.8.14-runtime.jar=destfile=/home/jcollin/Documents/springboot-mvc-demo/target/jacoco.exec
[[1;34mINFO[m] 
[[1;34mINFO[m] [1m--- [0;32mmaven-resources-plugin:2.6:resources[m [1m(default-resources)[m @ [36mspringboot-mvc-demo[0;1m ---[m
[[1;33mWARNING[m] Using platform encoding (UTF-8 actually) to copy filtered resources, i.e. build is platform dependent!
[[1;34mINFO[m] Copying 1 resource
[[1;34mINFO[m] 
[[1;34mINFO[m] [1m--- [0;32mmaven-compiler-plugin:3.1:compile[m [1m(default-compile)[m @ [36mspringboot-mvc-demo[0;1m ---[m
[[1;34mINFO[m] Nothing to compile - all classes are up to date
[[1;34mINFO[m] 
[[1;34mINFO[m] [1m--- [0;32mmaven-resources-plugin:2.6:testResources[m [1m(default-testResources)[m @ [36mspringboot-mvc-demo[0;1m ---[m
[[1;33mWARNING[m] Using platform encoding (UTF-8 actually) to copy filtered resources, i.e. build is platform dependent!
[[1;34mINFO[m] Copying 1 resource
[[1;34mINFO[m] 
[[1;34mINFO[m] [1m--- [0;32mmaven-compiler-plugin:3.1:testCompile[m [1m(default-testCompile)[m @ [36mspringboot-mvc-demo[0;1m ---[m
[[1;34mINFO[m] Changes detected - recompiling the module!
[[1;33mWARNING[m] File encoding has not been set, using platform encoding UTF-8, i.e. build is platform dependent!
[[1;34mINFO[m] Compiling 5 source files to /home/jcollin/Documents/springboot-mvc-demo/target/test-classes
[[1;34mINFO[m] 
[[1;34mINFO[m] [1m--- [0;32mmaven-surefire-plugin:3.2.5:test[m [1m(default-test)[m @ [36mspringboot-mvc-demo[0;1m ---[m
[[1;34mINFO[m] Using auto detected provider org.apache.maven.surefire.junitplatform.JUnitPlatformProvider
[[1;34mINFO[m] 
[[1;34mINFO[m] -------------------------------------------------------
[[1;34mINFO[m]  T E S T S
[[1;34mINFO[m] -------------------------------------------------------
[[1;34mINFO[m] Running com.example.demo.cucumber.[1mCucumberTest[m
10:39:51.794 [main] INFO org.springframework.test.context.support.AnnotationConfigContextLoaderUtils -- Could not detect default configuration classes for test class [com.example.demo.cucumber.CucumberSpringConfiguration]: CucumberSpringConfiguration does not declare any static, non-private, non-final, nested classes annotated with @Configuration.
10:39:51.882 [main] INFO org.springframework.boot.test.context.SpringBootTestContextBootstrapper -- Found @SpringBootConfiguration com.example.demo.DemoApplication for test class com.example.demo.cucumber.CucumberSpringConfiguration

  .   ____          _            __ _ _
 /\\ / ___'_ __ _ _(_)_ __  __ _ \ \ \ \
( ( )\___ | '_ | '_| | '_ \/ _` | \ \ \ \
 \\/  ___)| |_)| | | | | || (_| |  ) ) ) )
  '  |____| .__|_| |_|_| |_\__, | / / / /
 =========|_|==============|___/=/_/_/_/

 :: Spring Boot ::                (v4.0.3)

2026-03-17T10:39:52.264+01:00  INFO 408393 --- [           main] c.e.d.c.CucumberSpringConfiguration      : Starting CucumberSpringConfiguration using Java 25.0.2 with PID 408393 (started by jcollin in /home/jcollin/Documents/springboot-mvc-demo)
2026-03-17T10:39:52.266+01:00  INFO 408393 --- [           main] c.e.d.c.CucumberSpringConfiguration      : The following 1 profile is active: "mocksso"
2026-03-17T10:39:52.870+01:00  INFO 408393 --- [           main] o.s.boot.tomcat.TomcatWebServer          : Tomcat initialized with port 0 (http)
2026-03-17T10:39:52.883+01:00  INFO 408393 --- [           main] o.apache.catalina.core.StandardService   : Starting service [Tomcat]
2026-03-17T10:39:52.883+01:00  INFO 408393 --- [           main] o.apache.catalina.core.StandardEngine    : Starting Servlet engine: [Apache Tomcat/11.0.18]
2026-03-17T10:39:52.913+01:00  INFO 408393 --- [           main] b.w.c.s.WebApplicationContextInitializer : Root WebApplicationContext: initialization completed in 623 ms
2026-03-17T10:39:53.199+01:00  INFO 408393 --- [           main] o.s.boot.tomcat.TomcatWebServer          : Tomcat started on port 42459 (http) with context path '/'
2026-03-17T10:39:53.203+01:00  INFO 408393 --- [           main] c.e.d.c.CucumberSpringConfiguration      : Started CucumberSpringConfiguration in 1.199 seconds (process running for 2.625)
OpenJDK 64-Bit Server VM warning: Sharing is only supported for boot loader classes because bootstrap classpath has been appended
WARNING: A Java agent has been loaded dynamically (/home/jcollin/.m2/repository/net/bytebuddy/byte-buddy-agent/1.14.12/byte-buddy-agent-1.14.12.jar)
WARNING: If a serviceability tool is in use, please run with -XX:+EnableDynamicAgentLoading to hide this warning
WARNING: If a serviceability tool is not in use, please run with -Djdk.instrument.traceUsage for more information
WARNING: Dynamic loading of agents will be disallowed by default in a future release

Scenario: Say Hello                            [90m# features/simple.feature:2[0m
  [32mGiven [0m[32mI have a greeting service[0m              [90m# com.example.demo.cucumber.StepDefinitions.i_have_a_greeting_service()[0m
  [32mWhen [0m[32mI ask for a greeting[0m                    [90m# com.example.demo.cucumber.StepDefinitions.i_ask_for_a_greeting()[0m
  [32mThen [0m[32mI should receive [0m[32m[1m"Hello from Cucumber!"[0m [90m# com.example.demo.cucumber.StepDefinitions.i_should_receive(java.lang.String)[0m
[[1;34mINFO[m] [1;32mTests run: [0;1;32m1[m, Failures: 0, Errors: 0, Skipped: 0, Time elapsed: 2.616 s -- in com.example.demo.cucumber.[1mCucumberTest[m
[[1;34mINFO[m] 
[[1;34mINFO[m] Results:
[[1;34mINFO[m] 
[[1;34mINFO[m] [1;32mTests run: 1, Failures: 0, Errors: 0, Skipped: 0[m
[[1;34mINFO[m] 
[[1;34mINFO[m] 
[[1;34mINFO[m] [1m--- [0;32mjacoco-maven-plugin:0.8.14:report[m [1m(report)[m @ [36mspringboot-mvc-demo[0;1m ---[m
[[1;34mINFO[m] Loading execution data file /home/jcollin/Documents/springboot-mvc-demo/target/jacoco.exec
[[1;34mINFO[m] Analyzed bundle 'Spring Boot MVC Demo' with 4 classes
[[1;34mINFO[m] [1m------------------------------------------------------------------------[m
[[1;34mINFO[m] [1;32mBUILD SUCCESS[m
[[1;34mINFO[m] [1m------------------------------------------------------------------------[m
[[1;34mINFO[m] Total time:  4.279 s
[[1;34mINFO[m] Finished at: 2026-03-17T10:39:53+01:00
[[1;34mINFO[m] [1m------------------------------------------------------------------------[m
